<html>
<body>
<ul>
    <li>
        <span>John Doe</span>
        <dl>
            <dt>street</dt>
            <dd><span>Hight Street</span></dd>
            <dt>zip</dt>
            <dd><span>12345</span></dd>
            <dt>city</dt>
            <dd><span>Anytown</span></dd>
        </dl>
    </li>
    <li>
        <span>Jane Doe</span>
        <dl>
            <dt>street</dt>
            <dd><span>Main Street</span></dd>
            <dt>zip</dt>
            <dd><span>67890</span></dd>
            <dt>city</dt>
            <dd><span>Sometown</span></dd>
        </dl>
    </li>
</ul>
<ul>
    <li>
        <ul>
            <li>
                <img src="https://prismic-io.s3.amazonaws.com/api-test/8cb00fd1a4e46f88f76c6b1ae8b0a910c6006e59_apple-pie.png" width="500" height="500" alt="Apple pie">
                <p><em>Apple</em> pie</p>
            </li>
            <li>
                <img src="https://prismic-io.s3.amazonaws.com/api-test/804e464860491df10a969e40e3a1404a4f261847_kiwi-pie.png" width="500" height="500" alt="">
                <p><em>Kiwi</em> pie</p>
            </li>
            <li>
                <img src="https://prismic-io.s3.amazonaws.com/api-test/2f4ef8cba993e90635c52dcc4975276a542e45a1_strawberry-pie.png" width="500" height="500" alt="">
                <p><em>Strawberry</em> pie</p>
            </li>
            <li>
                <img src="https://prismic-io.s3.amazonaws.com/api-test/cdc63e583c1a39424b8f16b9bc583ee7ab5de8c4_cherry-pie.png" width="500" height="500" alt="">
                <p><em>Cherry</em> pie</p>
            </li>
        </ul>
    </li>
</ul>
</body>
</html>
