<html>
<body>
    <div class="about">
        <h1>About us</h1>
        <p>Making great pastry is our passion. Turning them into people's delight is our commitment. Understand our values and learn to know us.</p>
    </div>
    <div class="jobs">
        <h1>Be at the top of the fine pastry scene</h1>
        <p>Join us, and get involved with creating the finest pastries that can be humanly made, and providing them to our customers.</p>
    </div>
    <div class="stores">
        <h1>Don't be a stranger!</h1>
        <p>They say it's better to travel with friends; that's why our staff is always friendly when they introduce you to the finest flavor journeys.</p>
    </div>
    <div class="missing">
        
        
    </div>
</body>
</html>
