<html>
<body>
<ul>
    <li>
        <h1>Paris Saint-Lazare</h1>
        <ul>
          <li><span>2pm - 10pm</span></li>
          <li><span>2pm - 10pm</span></li>
          <li><span>2pm - 10pm</span></li>
          <li><span>2pm - 10pm</span></li>
          <li><span>2pm - 10pm</span></li>
        </ul>
    </li>
    <li>
        <h1>Tokyo Roppongi Hills</h1>
        <ul>
          <li><span>9am - 10pm</span></li>
          <li><span>9am - 10pm</span></li>
          <li><span>9am - 10pm</span></li>
          <li><span>9am - 10pm</span></li>
          <li><span>9am - 10pm</span></li>
        </ul>
    </li>
    <li>
        <h1>London Covent Garden</h1>
        <ul>
          <li><span>9am - 8pm</span></li>
          <li><span>9am - 8pm</span></li>
          <li><span>9am - 8pm</span></li>
          <li><span>9am - 8pm</span></li>
          <li><span>9am - 8pm</span></li>
        </ul>
    </li>
    <li>
        <h1>Paris Champ-Elys√©es</h1>
        <ul>
          <li><span>9am - 2pm</span><span>3pm - 7pm</span></li>
          <li><span>9am - 2pm</span><span>3pm - 7pm</span></li>
          <li><span>9am - 2pm</span><span>3pm - 7pm</span></li>
          <li><span>9am - 2pm</span><span>3pm - 7pm</span></li>
          <li><span>9am - 2pm</span><span>3pm - 7pm</span></li>
        </ul>
    </li>
    <li>
        <h1>New York Fifth Avenue</h1>
        <ul>
          <li><span>9am - 10pm</span></li>
          <li><span>9am - 10pm</span></li>
          <li><span>9am - 10pm</span></li>
          <li><span>9am - 10pm</span></li>
          <li><span>9am - 10pm</span></li>
        </ul>
    </li>
</ul>
</body>
</html>
